[    0.000000] Initializing cgroup subsys cpuset
[    0.000000] Initializing cgroup subsys cpu
[    0.000000] Initializing cgroup subsys cpuacct
[    0.000000] Linux version 4.4.0-108-generic (buildd@lgw01-amd64-003) (gcc version 5.4.0 20160609 (Ubuntu 5.4.0-6ubuntu1~16.04.5) ) #131-Ubuntu SMP Sun Jan 7 14:34:49 UTC 2018 (Ubuntu 4.4.0-108.131-generic 4.4.98)
[    0.000000] Command line: BOOT_IMAGE=/boot/vmlinuz-4.4.0-108-generic root=LABEL=cloudimg-rootfs ro console=tty1 console=ttyS0
[    0.000000] KERNEL supported cpus:
[    0.000000]   Intel GenuineIntel
[    0.000000]   AMD AuthenticAMD
[    0.000000]   Centaur CentaurHauls
[    0.000000] x86/fpu: xstate_offset[2]:  576, xstate_sizes[2]:  256
[    0.000000] x86/fpu: Supporting XSAVE feature 0x01: 'x87 floating point registers'
[    0.000000] x86/fpu: Supporting XSAVE feature 0x02: 'SSE registers'
[    0.000000] x86/fpu: Supporting XSAVE feature 0x04: 'AVX registers'
[    0.000000] x86/fpu: Enabled xstate features 0x7, context size is 832 bytes, using 'standard' format.
[    0.000000] x86/fpu: Using 'lazy' FPU context switches.
[    0.000000] e820: BIOS-provided physical RAM map:
[    0.000000] BIOS-e820: [mem 0x0000000000000000-0x000000000009fbff] usable
[    0.000000] BIOS-e820: [mem 0x000000000009fc00-0x000000000009ffff] reserved
[    0.000000] BIOS-e820: [mem 0x00000000000f0000-0x00000000000fffff] reserved
[    0.000000] BIOS-e820: [mem 0x000000000100000x0000003ffeffff]sabl
[  0.000000] BI-e20: [mem 0x000000003fff0000-0x000000003fffffff] ACPI data
[    0.000000] BIOS-e820: [mem 0x00000000fffc0000-0x00000000ffffffff] reserved
[    0.000000] NX (Execute Disable) protection: active
[    0.000000] SMBIOS 2.5 present.
[    0.000000] Hypervisor detected: KVM
[    0.000000] e820: last_pfn = 0x3fff0 max_arch_pfn = 0x400000000
[    0.000000] MTRR: Disabled
[    0.000000] x86/PAT: MTRRs disabled, skipping PAT initialization too.
[    0.000000] CPU MTRRs all blank - virtualized system.
[    0.000000] x86/PAT: Configuration [0-7]: WB  WT  UC- UC  WB  WT  UC- UC  
[    0.000000] found SMP MP-table at [mem 0x0009fff0-0x0009ffff] mapped at [ffff88000009fff0]
[    0.000000] Scanning 1 areas for low memory corruption
[    0.000000] RAMDISK: [mem 0x36adc000-0x37565fff]
[    0.000000] ACPI: Early table checksum verification disabled
[    0.000000] ACPI: RSDP 0x00000000000E0000 000024 (v02 VBOX  )
[    0.000000] ACPI: XSDT 0x000000003FFF0030 00003C (v01 VBOX   VBOXXSDT 00000001 ASL  00000061)
[    0.000000] ACPI: FACP 0x000000003FFF00F0 0000F4 (v04 VBOX   VBOXFACP 00000001 ASL  00000061)
[    0.000000] ACPI: DSDT 0x000000003FFF0480 002118 (v01 VBOX   VBOXBIOS 00000002 INTL 20160108)
[    0.000000] ACPI: FACS 0x000000003FFF0200 000040
[    0.000000] ACPI: FACS 0x000000003FFF0200 000040
[    0.000000] ACPI: APIC 0x000000003FFF0240 00006C (v02 VBOX   VBOXAPIC 00000001 ASL  00000061)
[    0.000000] ACPI: SSDT 0x000000003FFF02B0 0001CC (v01 VBOX   VBOXCPUT 00000002 INTL 20160108)
[    0.000000] No NUMA configuration found
[    0.000000] Faking a node at [mem 0x0000000000000000-0x000000003ffeffff]
[    0.000000] NODE_DATA(0) allocated [mem 0x3ffeb000-0x3ffeffff]
[    0.000000] kvm-clock: Using msrs 4b564d01 and 4b564d00
[    0.000000] kvm-clock: cpu 0, msr 0:3ffe3001, primary cpu clock
[    0.000000] kvm-clock: using sched offset of 3146203876 cycles
[    0.000000] clocksource: kvm-clock: mask: 0xffffffffffffffff max_cycles: 0x1cd42e4dffb, max_idle_ns: 881590591483 ns
[    0.000000] Zone ranges:
[    0.000000]   DMA      [mem 0x0000000000001000-0x0000000000ffffff]
[    0.000000]   DMA32    [mem 0x0000000001000000-0x000000003ffeffff]
[    0.000000]   Normal   empty
[    0.000000]   Device   empty
[    0.000000] Movable zone start for each node
[    0.000000] Early memory node ranges
[    0.000000]   node   0: [mem 0x0000000000001000-0x000000000009efff]
[    0.000000]   node   0: [mem 0x0000000000100000-0x000000003ffeffff]
[    0.000000] Initmem setup node 0 [mem 0x0000000000001000-0x000000003ffeffff]
[    0.000000] ACPI: PM-Timer IO Port: 0x4008
[    0.000000] IOAPIC[0]: apic_id 4, version 17, address 0xfec00000, GSI 0-23
[    0.000000] ACPI: INT_SRC_OVR (bus 0 bus_irq 0 global_irq 2 dfl dfl)
[    0.000000] ACPI: INT_SRC_OVR (bus 0 bus_irq 9 global_irq 9 high level)
[    0.000000] Using ACPI (MADT) for SMP configuration information
[    0.000000] smpboot: Allowing 4 CPUs, 0 hotplug CPUs
[    0.000000] PM: Registered nosave memory: [mem 0x00000000-0x00000fff]
[    0.000000] PM: Registered nosave memory: [mem 0x0009f000-0x0009ffff]
[    0.000000] PM: Registered nosave memory: [mem 0x000a0000-0x000effff]
[    0.000000] PM: Registered nosave memory: [mem 0x000f0000-0x000fffff]
[    0.000000] e820: [mem 0x40000000-0xfffbffff] available for PCI devices
[    0.000000] Booting paravirtualized kernel on KVM
[    0.000000] clocksource: refined-jiffies: mask: 0xffffffff max_cycles: 0xffffffff, max_idle_ns: 7645519600211568 ns
[    0.000000] setup_percpu: NR_CPUS:512 nr_cpumask_bits:512 nr_cpu_ids:4 nr_node_ids:1
[    0.000000] PERCPU: Embedded 34 pages/cpu @ffff88003fc00000 s99544 r8192 d31528 u524288
[    0.000000] PV qspinlock hash table entries: 256 (order: 0, 4096 bytes)
[    0.000000] Built 1 zonelists in Node order, mobility grouping on.  Total pages: 257913
[    0.000000] Policy zone: DMA32
[    0.000000] Kernel command line: BOOT_IMAGE=/boot/vmlinuz-4.4.0-108-generic root=LABEL=cloudimg-rootfs ro console=tty1 console=ttyS0
[    0.000000] PID hash table entries: 4096 (order: 3, 32768 bytes)
[    0.000000] Memory: 1001468K/1048120K available (8485K kernel code, 1308K rwdata, 3988K rodata, 1508K init, 1316K bss, 46652K reserved, 0K cma-reserved)
[    0.000000] SLUB: HWalign=64, Order=0-3, MinObjects=0, CPUs=4, Nodes=1
[    0.000000] Kernel/User page tables isolation: enabled
[    0.000000] Hierarchical RCU implementation.
[    0.000000] 	Build-time adjustment of leaf fanout to 64.
[    0.000000] 	RCU restricting CPUs from NR_CPUS=512 to nr_cpu_ids=4.
[    0.000000] RCU: Adjusting geometry for rcu_fanout_leaf=64, nr_cpu_ids=4
[    0.000000] NR_IRQS:33024 nr_irqs:456 16
[    0.000000] Console: colour VGA+ 80x25
[    0.000000] console [tty1] enabled
[    0.000000] console [ttyS0] enabled
[    0.000000] tsc: Detected 3410.352 MHz processor
[    0.428292] Calibrating delay loop (skipped) preset value.. 6820.70 BogoMIPS (lpj=13641408)
[    0.434871] pid_max: default: 32768 minimum: 301
[    0.435612] ACPI: Core revision 20150930
[    0.437141] ACPI: 2 ACPI AML tables successfully acquired and loaded
[    0.438180] Security Framework initialized
[    0.438847] Yama: becoming mindful.
[    0.439477] AppArmor: AppArmor initialized
[    0.440216] Dentry cache hash table entries: 131072 (order: 8, 1048576 bytes)
[    0.441746] Inode-cache hash table entries: 65536 (order: 7, 524288 bytes)
[    0.442778] Mount-cache hash table entries: 2048 (order: 2, 16384 bytes)
[    0.444759] Mountpoint-cache hash table entries: 2048 (order: 2, 16384 bytes)
[    0.445875] Initializing cgroup subsys io
[    0.446545] Initializing cgroup subsys memory
[    0.447244] Initializing cgroup subsys devices
[    0.447979] Initializing cgroup subsys freezer
[    0.448684] Initializing cgroup subsys net_cls
[    0.449388] Initializing cgroup subsys perf_event
[    0.450119] Initializing cgroup subsys net_prio
[    0.450836] Initializing cgroup subsys hugetlb
[    0.451556] Initializing cgroup subsys pids
[    0.452307] CPU: Physical Processor ID: 0
[    0.452965] CPU: Processor Core ID: 0
[    0.453596] mce: CPU supports 0 MCE banks
[    0.454269] Last level iTLB entries: 4KB 512, 2MB 8, 4MB 8
[    0.455082] Last level dTLB entries: 4KB 512, 2MB 32, 4MB 32, 1GB 0
[    0.457865] Freeing SMP alternatives memory: 32K
[    0.466154] ftrace: allocating 32171 entries in 126 pages
[    0.508451] smpboot: APIC(0) Converting physical 0 to logical package 0
[    0.514670] smpboot: Max logical packages: 1
[    0.516522] ..TIMER: vector=0x30 apic1=0 pin1=2 apic2=-1 pin2=-1
[    0.624108] smpboot: CPU0: Intel(R) Core(TM) i7-2600K CPU @ 3.40GHz (family: 0x6, model: 0x2a, stepping: 0x7)
[    0.818107] Performance Events: unsupported p6 CPU model 42 no PMU driver, software events only.
[    0.852817] KVM setup paravirtual spinlock
[    0.854104] x86: Booting SMP configuration:
[    0.854782] .... node  #0, CPUs:      #1
[    0.855555] kvm-clock: cpu 1, msr 0:3ffe3041, secondary cpu clock
[    0.856511] mce: CPU supports 0 MCE banks
[    0.859153]  #2
[    0.859566] kvm-clock: cpu 2, msr 0:3ffe3081, secondary cpu clock
[    0.860229] mce: CPU supports 0 MCE banks
[    0.862665]  #3
[    0.863068] kvm-clock: cpu 3, msr 0:3ffe30c1, secondary cpu clock
[    0.863763] mce: CPU supports 0 MCE banks
[    0.866156] x86: Booted up 1 node, 4 CPUs
[    0.866999] smpboot: Total of 4 processors activated (27282.81 BogoMIPS)
[    0.869419] devtmpfs: initialized
[    0.871661] evm: security.selinux
[    0.872260] evm: security.SMACK64
[    0.872868] evm: security.SMACK64EXEC
[    0.873483] evm: security.SMACK64TRANSMUTE
[    0.874144] evm: security.SMACK64MMAP
[    0.874762] evm: security.ima
[    0.875306] evm: security.capability
[    0.877259] clocksource: jiffies: mask: 0xffffffff max_cycles: 0xffffffff, max_idle_ns: 7645041785100000 ns
[    0.878701] futex hash table entries: 1024 (order: 4, 65536 bytes)
[    0.881913] pinctrl core: initialized pinctrl subsystem
[    0.882820] RTC time: 18:18:15, date: 01/10/18
[    0.883744] NET: Registered protocol family 16
[    0.896284] cpuidle: using governor ladder
[    0.908510] cpuidle: using governor menu
[    0.909172] PCCT header not found.
[    0.909803] ACPI: bus type PCI registered
[    0.910451] acpiphp: ACPI Hot Plug PCI Controller Driver version: 0.5
[    0.911449] PCI: Using configuration type 1 for base access
[    0.926316] ACPI: Added _OSI(Module Device)
[    0.927037] ACPI: Added _OSI(Processor Device)
[    0.927796] ACPI: Added _OSI(3.0 _SCP Extensions)
[    0.928657] ACPI: Added _OSI(Processor Aggregator Device)
[    0.930226] ACPI: Executed 1 blocks of module-level executable AML code
[    0.933797] ACPI: Interpreter enabled
[    0.934512] ACPI: (supports S0 S5)
[    0.935188] ACPI: Using IOAPIC for interrupt routing
[    0.936224] PCI: Using host bridge windows from ACPI; if necessary, use "pci=nocrs" and report a bug
[    0.941135] ACPI: PCI Root Bridge [PCI0] (domain 0000 [bus 00-ff])
[    0.942101] acpi PNP0A03:00: _OSC: OS supports [ASPM ClockPM Segments MSI]
[    0.943187] acpi PNP0A03:00: _OSC failed (AE_NOT_FOUND); disabling ASPM
[    0.944241] acpi PNP0A03:00: fail to add MMCONFIG information, can't access extended PCI configuration space under this bridge.
[    0.946281] PCI host bridge to bus 0000:00
[    0.947009] pci_bus 0000:00: root bus resource [io  0x0000-0x0cf7 window]
[    0.948045] pci_bus 0000:00: root bus resource [io  0x0d00-0xffff window]
[    0.949089] pci_bus 0000:00: root bus resource [mem 0x000a0000-0x000bffff window]
[    0.950386] pci_bus 0000:00: root bus resource [mem 0x40000000-0xffdfffff window]
[    0.951725] pci_bus 0000:00: root bus resource [bus 00-ff]
[    0.953892] pci 0000:00:01.1: legacy IDE quirk: reg 0x10: [io  0x01f0-0x01f7]
[    0.954937] pci 0000:00:01.1: legacy IDE quirk: reg 0x14: [io  0x03f6]
[    0.955920] pci 0000:00:01.1: legacy IDE quirk: reg 0x18: [io  0x0170-0x0177]
[    0.956963] pci 0000:00:01.1: legacy IDE quirk: reg 0x1c: [io  0x0376]
[    0.983181] ACPI: PCI Interrupt Link [LNKA] (IRQs 5 9 10 11) *0, disabled.
[    1.125007] ACPI: PCI Interrupt Link [LNKB] (IRQs 5 9 10 *11)
[    1.165609] ACPI: PCI Interrupt Link [LNKC] (IRQs 5 9 *10 11)
[    1.166837] ACPI: PCI Interrupt Link [LNKD] (IRQs 5 *9 10 11)
[    1.179851] ACPI: Enabled 2 GPEs in block 00 to 07
[    1.194496] vgaarb: setting as boot device: PCI:0000:00:02.0
[    1.197462] vgaarb: device added: PCI:0000:00:02.0,decodes=io+mem,owns=io+mem,locks=none
[    1.212939] vgaarb: loaded
[    1.287723] vgaarb: bridge control possible 0000:00:02.0
[    1.372497] SCSI subsystem initialized
[    1.399495] ACPI: bus type USB registered
[    1.400172] usbcore: registered new interface driver usbfs
[    1.402064] usbcore: registered new interface driver hub
[    1.402910] usbcore: registered new device driver usb
[    1.404032] PCI: Using ACPI for IRQ routing
[    1.404931] NetLabel: Initializing
[    1.405521] NetLabel:  domain hash size = 128
[    1.406206] NetLabel:  protocols = UNLABELED CIPSOv4
[    1.406973] NetLabel:  unlabeled traffic allowed by default
[    1.407935] amd_nb: Cannot enumerate AMD northbridges
[    1.408784] clocksource: Switched to clocksource kvm-clock
[    1.415360] AppArmor: AppArmor Filesystem Ebl
  1.2158] pnp: PnP ACPin
  1.78] p:nPCP fnd dic
  2.79] ocoue:cpi_pm: mask: 0xffffff max_cycles:xfff m_ie_: 8510 n
[  3293]ETRestedroco family 2
[  3941]CPstliedastae trs:19(oer4,55 bes
[  4772607] TCP bind hash table entries: 8192 (order: 5, 131072 bytes)
    5.175151] TCP: Hash tables configured (established 8192 bind 8192)
[  5155]DPastae ntries: 512 (order2,63 bes
[    6.129605] UDPitha tlentes: 12orr:, 38bys)[    6.810219] NET: Registered protocol family 1
  7.55] i 000:.0Liti direct PCI/PCItrsfs  7.82] pci 0000:00:01.0: Activating ISA DMA hang workarounds
[    7.905026] Unpacking initramfs...
[  9535] Freeing initrd memory: 10792K
[   9.626220] RAPL PMU detected, API unit is 2^-32 Joules, 3 fixed counters 10737418240 ms ovfl timer
[    9.650715] hw unit of domain pp0-core 2^-0 Joules
[    9.651467] hw unit of domain package 2^-0 Joules
[    9.652206] hw unit of domain pp1-gpu 2^-0 Joules

[    9.653060] platform rtc_cmos: registered platform RTC device (no PNP device found)
[    9.654362] Scanning for low memory corruption every 60 seconds
[    9.725751] audit: initializing netlink subsys (disabled)
[    9.726578] audit: type=2000 audit(1515608307.378:1): initialized
[    9.727697] Initialise system trusted keyring
[    9.728834] HugeTLB registered 2 MB page size, pre-allocated 0 pages
[    9.775705] zbud: loaded
[    9.776481] VFS: Disk quotas dquot_6.6.0
[    9.777216] VFS: Dquot-cache hash table entries: 512 (order 0, 4096 bytes)
[    9.778398] squashfs: version 4.0 (2009/01/31) Phillip Lougher
[    9.779646] fuse init (API version 7.23)
[    9.780503] Key type big_key registered
[    9.781192] Allocating IMA MOK and blacklist keyrings.
[    9.784640] Key type asymmetric registered
[    9.785388] Asymmetric key parser 'x509' registered
[    9.786168] Block layer SCSI generic (bsg) driver version 0.4 loaded (major 249)
[    9.787478] io scheduler noop registered
[    9.788122] io scheduler deadline registered (default)
[    9.788958] io scheduler cfq registered
[    9.789673] pci_hotplug: PCI Hot Plug PCI Core version: 0.5
[    9.790496] pciehp: PCI Express Hot Plug Controller Driver version: 0.4
[    9.791525] ACPI: AC Adapter [AC] (on-line)
[    9.792257] input: Power Button as /devices/LNXSYSTM:00/LNXPWRBN:00/input/input0
[    9.793514] ACPI: Power Button [PWRF]
[    9.794185] input: Sleep Button as /devices/LNXSYSTM:00/LNXSLPBN:00/input/input1
[    9.795370] ACPI: Sleep Button [SLPF]
[    9.796319] GHES: HEST is not enabled!
[    9.797154] Serial: 8250/16550 driver, 32 ports, IRQ sharing enabled
[    9.819464] 00:02: ttyS0 at I/O 0x3f8 (irq = 4, base_baud = 115200) is a 16550A
[    9.829371] Linux agpgart interface v0.103
[    9.885327] loop: module loaded
[    9.968785] scsi host0: ata_piix
[   10.065243] scsi host1: ata_piix
[   10.160253] ata1: PATA max UDMA/33 cmd 0x1f0 ctl 0x3f6 bmdma 0xd000 irq 14
[ 10462]ta PA ax UDMA/33 cmd 0x170 ctl 0x376 bmdma 0xd008 irq 15
  1.64] c:efedSC clocksource calibration: 3410.790 MHz
[   11.427138] clocksource: tsc: mask: 0xffffffffffffffff max_cycles: 0x312a1f80cf3, max_idle_ns: 440795229339 ns
[   11.4427331] libphy: Fixed MDIO Bus: probed
[   11.427333] tun: Universal TUN/TAP device driver, 1.6
[   11.427334] tun: (C) 1999-2004 Max Krasnyansky <maxk@qualcomm.com>
[   11.427383] PPP generic driver version 2.4.2
[   11.427429] ehci_hcd: USB 2.0 'Enhanced' Host Controller (EHCI) Driver
[   11.427433] ehci-pci: EHCI PCI platform driver
[   11.427447] ehci-platform: EHCI generic platform driver
[   11.427453] ohci_hcd: USB 1.1 'Open' Host Controller (OHCI) Driver
[   11.427456] ohci-pci: OHCI PCI platform driver
[   11.427463] ohci-platform: OHCI generic platform driver
[   11.427469] uhci_hcd: USB Universal Host Controller Interface driver
[   11.427519] i8042: PNP: PS/2 Controller [PNP0303:PS2K,PNP0f03:PS2M] at 0x60,0x64 irq 1,12
[   11.428045] serio: i8042 KBD port at 0x60,0x64 irq 1
[   11.428051] serio: i8042 AUX port at 0x60,0x64 irq 12
[   11.428153] mousedev: PS/2 mouse device common for all mice
[   11.428724] rtc_cmos rtc_cmos: rtc core: registered rtc_cmos as rtc0
[   11.428942] input: AT Translated Set 2 keyboard as /devices/platform/i8042/serio0/input/input2
[   11.428993] rtc_cmos rtc_cmos: alarms up to one day, 114 bytes nvram
[   11.429001] i2c /dev entries driver
[   11.429159] device-mapper: uevent: version 1.0.3
[   11.429245] device-mapper: ioctl: 4.34.0-ioctl (2015-10-28) initialised: dm-devel@redhat.com
[   11.429260] ledtrig-cpu: registered to indicate activity on CPUs
[   11.429978] NET: Registered protocol family 10
[   11.430208] NET: Registered protocol family 17
[   11.430218] Key type dns_resolver registered
[   11.430394] microcode: CPU0 sig=0x206a7, pf=0x10, revision=0x0
[   11.430403] microcode: CPU1 sig=0x206a7, pf=0x10, revision=0x0
[   11.434804] microcode: CPU2 sig=0x206a7, pf=0x10, revision=0x0
[   11.434878] microcode: CPU3 sig=0x206a7, pf=0x10, revision=0x0
[   11.434908] microcode: Microcode Update Driver: v2.01 <tigran@aivazian.fsnet.co.uk>, Peter Oruba
[   11.435025] registered taskstats version 1
[   11.435041] Loading compiled-in X.509 certificates
[   11.435720] Loaded X.509 cert 'Build time autogenerated kernel key: fec84e59a8b0477ba59f2d0e03420fb832dd4dcb'
[   11.435737] zswap: loaded using pool lzo/zbud
[   11.438208] Key type trusted registered
[   11.442764] Key type encrypted registered
[   11.442769] AppArmor: AppArmor sha1 policy hashing enabled
[   11.442772] ima: No TPM chip found, activating TPM-bypass!
[   11.442792] evm: HMAC attrs: 0x1
[   11.443136]   Magic number: 2:899:341
[   11.443483] rtc_cmos rtc_cmos: setting system clock to 2018-01-10 18:18:25 UTC (1515608305)
[   11.443764] BIOS EDD facility v0.16 2004-Jun-25, 0 devices found
[   11.443765] EDD information not available.
[   11.761261] Freeing unused kernel memory: 1508K
[   11.761991] Write protecting the kernel read-only data: 14336k
[   11.763353] Freeing unused kernel memory: 1744K
[   11.764329] Freeing unused kernel memory: 108K
Loading, please wait...
starting version[   11.779576] random: systemd-udevd: uninitialized urandom read (16 bytes read, 2 bits of entropy available)
 229
[   11.780298] random: udevadm: uninitialized urandom read (16 bytes read, 2 bits of entropy available)
[   11.780323] random: udevadm: uninitialized urandom read (16 bytes read, 2 bits of entropy available)
[   11.792897] random: udevadm: uninitialized urandom read (16 bytes read, 2 bits of entropy available)
[   11.792950] random: udevadm: uninitialized urandom read (16 bytes read, 2 bits of entropy available)
[   11.793276] random: udevadm: uninitialized urandom read (16 bytes read, 2 bits of entropy available)
[   11.793350] random: udevadm: uninitialized urandom read (16 bytes read, 2 bits of entropy available)
[   11.793424] random: udevadm: uninitialized urandom read (16 bytes read, 2 bits of entropy available)
[   11.793496] random: udevadm: uninitialized urandom read (16 bytes read, 2 bits of entropy available)
[   11.793567] random: udevadm: uninitialized urandom read (16 bytes read, 2 bits of entropy available)
[   12.242906] e1000: Intel(R) PRO/1000 Network Driver - version 7.3.21-k8-NAPI
[   12.257776] e1000: Copyright (c) 1999-2006 Intel Corporation.
[   12.274480] Fusion MPT base driver 3.04.20
[   12.275668] Copyright (c) 1999-2008 LSI Corporation
[   12.288422] AVX version of gcm_enc/dec engaged.
[   12.295880] AES CTR mode by8 optimization enabled
[   12.297062] Fusion MPT SPI Host driver 3.04.20
[   12.477502] input: ImExPS/2 Generic Explorer Mouse as /devices/platform/i8042/serio1/input/input4
[   12.989118] e1000 0000:00:03.0 eth0: (PCI:33MHz:32-bit) 02:61:3d:0b:d5:56
[   13.374224] e1000 0000:00:03.0 eth0: Intel(R) PRO/1000 Network Connection
[   13.942285] e1000 0000:00:08.0 eth1: (PCI:33MHz:32-bit) 08:00:27:e2:d3:7b
[   14.476084] e1000 0000:00:08.0 eth1: Intel(R) PRO/1000 Network Connection
[   14.857023] mptbase: ioc0: Initiating bringup
[   14.857105] e1000 0000:00:08.0 enp0s8: renamed from eth1
[   14.953201] e1000 0000:00:03.0 enp0s3: renamed from eth0
[   15.016042] ioc0: LSI53C1030 A0: [   15.292989] floppy0: no floppy controllers found

[   15.399781] Capabilities={Initiator}
[   15.730185] scsi host2: ioc0: LSI53C1030 A0, FwRev=00000000h, Ports=1, MaxQ=256, IRQ=20
[   16.841324] scsi 2:0:0:0: Direct-Access     VBOX     HARDDISK         1.0  PQ: 0 ANSI: 5
[   17.049816] scsi target2:0:0: Beginning Domain Validation
[   17.083343] scsi target2:0:0: Domain Validation skipping write tests
[   17.084342] scsi target2:0:0: Ending Domain Validation
[   17.085439] scsi target2:0:0: asynchronous
[   17.086708] scsi 2:0:1:0: Direct-Access     VBOX     HARDDISK         1.0  PQ: 0 ANSI: 5
[   17.097930] scsi target2:0:1: Beginning Domain Validation
[   17.106544] scsi target2:0:1: Domain Validation skipping write tests
[   17.107739] scsi target2:0:1: Ending Domain Validation
[   17.108782] scsi target2:0:1: asynchronous
[   17.117760] sd 2:0:0:0: Attached scsi generic sg0 type 0
[   17.118895] sd 2:0:0:0: [sda] 20971520 512-byte logical blocks: (10.7 GB/10.0 GiB)
[   17.121009] sd 2:0:1:0: [sdb] 20480 512-byte logical blocks: (10.5 MB/10.0 MiB)
[   17.121298] sd 2:0:1:0: Attached scsi generic sg1 type 0
[   17.121546] sd 2:0:0:0: [sda] Write Protect is off
[   17.121618] sd 2:0:0:0: [sda] Incomplete mode parameter data
[   17.121619] sd 2:0:0:0: [sda] Assuming drive cache: write through
[   17.122310]  sda: sda1
[   17.122891] sd 2:0:0:0: [sda] Attached SCSI disk
[   17.147142] sd 2:0:1:0: [sdb] Write Protect is off
[   17.148018] sd 2:0:1:0: [sdb] Incomplete mode parameter data
[   17.148855] sd 2:0:1:0: [sdb] Assuming drive cache: write through
[   17.170240] sd 2:0:1:0: [sdb] Attached SCSI disk
Begin: Loading e[   18.838683] md: linear personality registered for level -1
ssential drivers ... [   18.861561] md: multipath personality registered for level -4
[   18.865925] md: raid0 personality registered for level 0
[   18.871001] md: raid1 personality registered for level 1
[   18.956634] raid6: sse2x1   gen()  9575 MB/s
[   19.086694] raid6: sse2x1   xor()  7073 MB/s
[   19.196746] raid6: sse2x2   gen() 11642 MB/s
[   19.266768] raid6: sse2x2   xor()  8008 MB/s
[   19.406756] raid6: sse2x4   gen() 13038 MB/s
[   19.476705] raid6: sse2x4   xor()  9929 MB/s
[   19.477478] raid6: using algorithm sse2x4 gen() 13038 MB/s
[   19.478307] raid6: .... xor() 9929 MB/s, rmw enabled
[   19.479064] raid6: using ssse3x2 recovery algorithm
[   19.481459] xor: automatically using best checksumming function:
[   19.520814]    avx       : 20076.000 MB/sec
[   19.522849] async_tx: api initialized (async)
[   19.530980] md: raid6 personality registered for level 6
[   19.532191] md: raid5 personality registered for level 5
[   19.533162] md: raid4 personality registered for level 4
[   19.540350] md: raid10 personality registered for level 10
done.
Begin: Running /scripts/init-premount ... done.
Begin: Mounting root file system ... Begin: Running /scripts/local-top ... done.
Begin: Running /scripts/local-premount ... [   19.571138] Btrfs loaded
Scanning for Btrfs filesystems
done.
Warning: fsck not present, so skipping root file system
[   19.614332] EXT4-fs (sda1): mounted filesystem with ordered data mode. Opts: (null)
done.
Begin: Running /scripts/local-bottom ... done.
Begin: Running /scripts/init-bottom ... done.
[   20.124626] systemd[1]: systemd 229 running isystem mode. (+PAM +AUDIT +SELINUX +IMA +APPARMOR +SMACK +SYSVIITUT +IBYPET +RY +UT +L Z -LZ4 +SECCOMP +BLKD +ELFUTILS +KMO-I)  1.147] systemd[1]: Detteviualization oracle.
[   21.388621] systemd[1]:: Detectearittu x-6

Welcome to [1mUbuntu 16.04.3 LTS[0m!

[  21.802910] systemd[1]: Set hostname to <ubuntu>.
[   21.873656] ste[1 Itializing machine ID from randomenerator.
[   22.244896] systemd[1]: Installed transient /etc/machine-id file.

[ 2351615]anm:onockg ols initialized

[   23.821387] systemd[1]: Listening on /dev/initctl Compatibility Named Pipe.
[[0;32m  OK  [0m] Listening on /dev/initctl Compatibility Named Pipe.
[   23.882581] systemd[1]: Set up automount Arbitrary Executable File Formats File System Automount Point.
[[0;32m  OK  [0m] Set up automount Arbitrary Executab...ats File System Automount Point.
[   23.886892] systemd[1]: Listening on LVM2 poll daemon socket.
[[0;32m  OK  [0m] Listening on LVM2 poll daemon socket.
[   23.889979] systemd[1]: Listening on udev Control Socket.
[[0;32m  OK  [0m] Listening on udev Control Socket.
[   23.892818] systemd[1]: Listening on Journal Socket.
[[0;32m  OK  [0m] Listening on Journal Socket.
[   23.895564] systemd[1]: Started Trigger resolvconf update for networkd DNS.
[[0;32m  OK  [0m] Started Trigger resolvconf update for networkd DNS.
[   23.898897] systemd[1]: Listening on udev Kernel Socket.
[[0;32m  OK  [0m] Listening on udev Kernel Socket.
[   23.901672] systemd[1]: Listening on Device-mapper event daemon FIFOs.
[[0;32m  OK  [0m] Listening on Device-mapper event daemon FIFOs.
[   23.904696] systemd[1]: Reached target Encrypted Volumes.
[[0;32m  OK  [0m] Reached target Encrypted Volumes.
[   23.907400] systemd[1]: Reached target User and Group Name Lookups.
[[0;32m  OK  [0m] Reached target User and Group Name Lookups.
[   23.910372] systemd[1]: Reached target Swap.
[[0;32m  OK  [0m] Reached target Swap.
[   23.912735] systemd[1]: Started Forward Password Requests to Wall Directory Watch.
[[0;32m  OK  [0m] Started Forward Password Requests to Wall Directory Watch.
[   23.916673] systemd[1]: Created slice User and Session Slice.
[[0;32m  OK  [0m] Created slice User and Session Slice.
[   23.919472] systemd[1]: Listening on LVM2 metadata daemon socket.
[[0;32m  OK  [0m] Listening on LVM2 metadata daemon socket.
[   23.922625] systemd[1]: Created slice System Slice.
[[0;32m  OK  [0m] Created slice System Slice.
[   23.947969] system1]: Starting Load Kernel Modules...

         Starting Load Kernel Modules...
[   23.995772] systemd[1]: Reached target Slices.
[[0;32m  OK  [0m] Reached target Slices.
[   23.998734] systemd[1]: Starting Set console keymap...
         Starting Set console keymap...
[   24.082632] Loading iSCSI transport class v2.0-870.
[   24.262035] systemd[1]: Starting Remount Root and Kernel File Systems...
         Starting Remount[   24.362122] iscsi: registered transport (tcp)
 Root and Kernel[   24.438874] EXT4-fs (sda1): re-mounted. Opts: (null)
 File Systems...
[   24.489383] systemd[1]: Created slice system-serial\x2dgetty.slice.
[[0;32m  OK  [0m] Created slice system-serial\x2dgetty.slice.
[   24.494556] systemd[1]: Mounting POSIX Message Queue File System...
         Mounting POSIX Message Queue File System...
[   24.520879] systemd[1]: Starting Uncomplicated firewall...
         Starting Uncomplicated firewall...
[   24.568205] iscsi: registered transport (iser)
[   24.581061] systemd[1]: Starting Monitoring of LVM2 mirrors, snapshots etc. using dmeventd or progress polling...
         Starting Monitoring of LVM2 mirrors... dmeventd or progress polling...
[   24.709585] systemd[1]: Mounting Huge Pages File System...
         Mounting Huge Pages File System...
[   24.715211] systemd[1]: Starting Create list of required static device nodes for the current kernel...
         Starting Create list of required st... nodes for the current kernel...
[   24.721351] systemd[1]: Listening on Syslog Socket.
[[0;32m  OK  [0m] Listening on Syslog Socket.
[   24.728549] systemd[1]: Listening on Journal Audit Socket.
[[0;32m  OK  [0m] Listening on Journal Audit Socket.
[   24.736314] systemd[1]: Mounting Debug File System...
         Mounting Debug File System...
[   24.738701] systemd[1]: Listening on Journal Socket (/dev/log).
[[0;32m  OK  [0m] Listening on Journal Socket (/dev/log).
[   24.742399] systemd[1]: Starting Journal Service...
         Starting Journal Service...
[   24.745598] systemd[1]: Starting Nameserver information manager...
         Starting Nameserver information manager...
[   24.756252] systemd[1]: Mounted Huge Pages File System.
[[0;32m  OK  [0m] Mounted Huge Pages File System.
[   24.762327] systemd[1]: Mounted POSIX Message Queue File System.
[[0;32m  OK  [0m] Mounted POSIX Message Queue File System.
[   24.765092] systemd[1]: Mounted Debug File System.
[[0;32m  OK  [0m] Mounted Debug File System.
[   24.768090] systemd[1]: Started Load Kernel Modules.
[[0;32m  OK  [0m] Started Load Kernel Modules.
[   24.772177] systemd[1]: Started Set console keymap.
[[0;32m  OK  [0m] Started Set console keymap.
[   24.776291] systemd[1]: Started Remount Root and Kernel File Systems.
[[0;32m  OK  [0m] Started Remount Root and Kernel File Systems.
[   24.779705] systemd[1]: Started Uncomplicated firewall.
[[0;32m  OK  [0m] Started Uncomplicated firewall.
[   24.782767] systemd[1]: Started Create list of required static device nodes for the current kernel.
[[0;32m  OK  [0m] Started Create list of required sta...ce nodes for the current kernel.
[   24.822005] systemd[1]: Started Nameserver information manager.
[[0;32m  OK  [0m] Started Nameserver information manager.
[   24.834685] systemd[1]: Started Journal Service.
[[0;32m  OK  [0m] Started Journal Service.
[[0;32m  OK  [0m] Started LVM2 metadata daemon.
         Starting Create Static Device Nodes in /dev...
         Starting Load/Save Random Seed...
         Starting udev Coldplug all Devices...
         Starting Initial cloud-init job (pre-networking)...
         Starting Flush Journal to Persistent Storage...
         Mounting FUSE Control File System...
         Starting Apply Kernel Variables...
[[0;32m  OK  [0m] Mounted FUSE Control File System.
[[0;32m  OK  [0m] Started Create Static Device Nodes in /dev.
[[0;32m  OK  [0m] Started Load/Save Random Seed.
[[0;32m  OK  [0m] Started Apply Kernel Variables.
         Starting udev Kernel Device Manager...
[[0;32m  OK  [0m] Started Flush Journal to Persistent Storage.
[[0;32m  OK  [0m] Started udev Coldplug all Devices.
[[0;32m  OK  [0m] Started Monitoring of LVM2 mirrors,...ng dmeventd or progress polling.
[[0;32m  OK  [0m] Started udev Kernel Device Manager.
[[0;32m  OK  [0m] Started Dispatch Password Requests to Console Directory Watch.
[[0;32m  OK  [0m] Reached target Local File Systems (Pre).
[[0;32m  OK  [0m] Reached target Local File Systems.
         Starting Commit a transient machine-id on disk...
         Starting LSB: AppArmor initialization...
         Starting Set console font and keymap...
         Starting Create Volatile Files and Directories...
         Starting Tell Plymouth To Write Out Runtime Data...
[[0;32m  OK  [0m] Started Commit a transient machine-id on disk.
[[0;32m  OK  [0m] Started Create Volatile Files and Directories.
[[0;32m  OK  [0m] Found device /dev/ttyS0.
[[0;32m  OK  [0m] Started Tell Plymouth To Write Out Runtime Data.
[[0;32m  OK  [0m] Listening on Load/Save RF Kill Switch Status /dev/rfkill Watch.
         Starting Update UTMP about System Boot/Shutdown...
[[0;32m  OK  [0m] Reached target System Time Synchronized.
[[0;32m  OK  [0m] Started Update UTMP about System Boot/Shutdown.
[[0;32m  OK  [0m] Started LSB: AppArmor initialization.
[[0;32m  OK  [0m] Started Set console font and keymap.
[[0;32m  OK  [0m] Created slice system-getty.slice.
[   26.305989] cloud-init[461]: Cloud-init v. 17.1 running 'init-local' at Wed, 10 Jan 2018 18:18:41 +0000. Up 25.91 seconds.
[[0;32m  OK  [0m] Started Initial cloud-init job (pre-networking).
[[0;32m  OK  [0m] Reached target Network (Pre).
         Starting Raise network interfaces...
[[0;32m  OK  [0m] Started Raise network interfaces.
[[0;32m  OK  [0m] Reached target Network.
         Starting Initial cloud-init job (metadata service crawler)...
[   29.269442] cloud-init[984]: Cloud-init v. 17.1 running 'init' at Wed, 10 Jan 2018 18:18:43 +0000. Up 28.10 seconds.
[   29.340410] [cloud-init[0;32m  OK  [0m[984]: ] ci-info: ++++++++++++++++++++++++++++++++++++++Net device info++++++++++++++++++++++++++++++++++++++Started Initial cloud-init job (metadata service crawler).

[   29.340829] cloud-init[984]: ci-info: +--------+-------+----------------------------+---------------+-------+-------------------+
[   29.560529] [cloud-init[0;32m  OK  [0m[984]: ] ci-info: | Device |   Up  |          Address           |      Mask     | Scope |     Hw-Address    |Reached target Cloud-config availability.

[   29.561145] [cloud-init[0;32m  OK  [0m[984]: ] ci-info: +--------+-------+----------------------------+---------------+-------+-------------------+Reached target Network is Online.

[   29.741189] cloud-init[984]: ci-info: | enp0s3 |  True |         10.0.2.15          | 255.255.255.0 |   .   | 02:61:3d:0b:d5:56 |
[   29.830222] cloud-init[984]: ci-info: | enp0s3 |  True | fe80::61:3dff:fe0b:d556/64 |       .       |  link | 02:61:3d:0b:d5:56 |
[   29.833917] cloud-init[984]: ci-info: | enp0s8 | False |             .              |       .       |   .   | 08:00:27:e2:d3:7b |
[   29.836492] cloud-init[984]: ci-info: |   lo   |  True |         127.0.0.1          |   255.0.0.0   |   .   |         .         |
[   29.839074] cloud-init         Starting iSCSI initiator daemon (iscsid)...
[[0;32m  OK  [0m] Reached target System Initialization.
[[0;32m  OK  [0m] Listening on UUID daemon activation socket.
[984]: ci-info: |   lo   |  True |          ::1/128           |       .       |  host |         .         |
[   29.863553] [cloud-init[0;32m  OK  [0m[984]: ] ci-info: +--------+-------+----------------------------+---------------+-------+-------------------+Started ACPI Events Check.

[   29.863959] [cloud-init[0;32m  OK  [0m[984]: ] ci-info: +++++++++++++++++++++++++++Route IPv4 info++++++++++++++++++++++++++++Reached target Paths.

[   29.950989]          cloud-initStarting LXD - unix socket.[984]: 
ci-info: +-------+-------------+----------+---------------+-----------+-------+
[   29.954364] [cloud-init[0;32m  OK  [0m[984]: ] ci-info: | Route | Destination | Gateway  |    Genmask    | Interface | Flags |Listening on D-Bus System Message Bus Socket.

[   29.954762] [cloud-init[0;32m  OK  [0m[984]: ] ci-info: +-------+-------------+----------+---------------+-----------+-------+Listening on ACPID Listen Socket.

[   29.957257] [cloud-init[0;32m  OK  [0m[984]: ] ci-info: |   0   |   0.0.0.0   | 10.0.2.2 |    0.0.0.0    |   enp0s3  |   UG  |Started Timer to automatically refresh installed snaps.

[   29.960716]          cloud-initStarting Socket activation for snappy daemon.[984]: 
ci-info: |   1   |   10.0.2.0  | 0.0.0.0  | 255.255.255.0 |   enp0s3  |   U   |
[   29.964439] [cloud-init[0;32m  OK  [0m[984]: ] ci-info: +-------+-------------+----------+---------------+-----------+-------+Started Daily Cleanup of Temporary Directories.

[   29.964803] [cloud-init[0;32m  OK  [0m[984]: ] Generating public/private rsa key pair.Started Daily apt download activities.

[   29.970175] [cloud-init[0;32m  OK  [0m[984]: ] Your identification has been saved in /etc/ssh/ssh_host_rsa_key.Started Daily apt upgrade and clean activities.

[   30.018956] [cloud-init[0;32m  OK  [0m[984]: ] Your public key has been saved in /etc/ssh/ssh_host_rsa_key.pub.Reached target Timers.

[   30.019419] cloud-init[984]: The key fingerprint is:
[   30.023015] cloud-init[984]: SHA256:nuUtAyRhVHBOGo30rp9KNvgOD9Gm6S2+Ia1A0vrXdM0 root@ubuntu-xenial
[   30.025378] cloud-init[984]: The key's randomart image is:
[   30.026791] cloud-init[984]: +---[RSA 2048]----+
[   30.028106] cloud-init[984]: |     oB=+        |
[   30.030809] cloud-init[984]: |     ..O.        |
[   30.033410] cloud-init[984]: |      o +        |
[   30.036631] [cloud-init[0;32m  OK  [0m[984]: ] | .   . +         |Listening on LXD - unix socket.

[[   30.037065] [0;32m  OK  [0mcloud-init] [984]: Listening on Socket activation for snappy daemon.|... . o So.      |

[   30.180485] [cloud-init[0;32m  OK  [0m[984]: ] |o. . *.o.=E.     |Started iSCSI initiator daemon (iscsid).

[   30.180954] cloud-init[984]: |o . Oo=.o + .    |
[   30.265247]          cloud-initStarting Login to default iSCSI targets...[984]: 
| o +oX.o . o     |
[   30.332416] [cloud-init[0;32m  OK  [0m[984]: ] |  oo++*.o        |Reached target Sockets.

[[   30.332877] [0;32m  OK  [0mcloud-init] [984]: Reached target Basic System.+----[SHA256]-----+

[   30.401468] cloud-init[984]: Generating public/private dsa key pair.
[   30.508448] [cloud-init[0;32m  OK  [0m[984]: ] Your identification has been saved in /etc/ssh/ssh_host_dsa_key.Started Deferred execution scheduler.

[   30.508884] cloud-init[984]: Your public key has been saved in /etc/ssh/ssh_host_dsa_key.pub.
[   30.597149] [cloud-init[0;32m  OK  [0m[984]: ] The key fingerprint is:Started D-Bus System Message Bus.

[   30.597551] cloud-init[984]: SHA256:d1gh77YcMaz2M8b31Zhz79PsoXKL4AqexaJKNHvDrE4 root@ubuntu-xenial
[   30.603579] cloud-init[984]: The key's randomart image is:
[   30.605358] cloud-init[984]: +---[DSA 1024]----+
[   30.606898] cloud-init[984]: |          . .    |
[   30.608456] cloud-init[984]: |           + .   |
[   30.610031] cloud-init[984]: |            *    |
[   30.611565] cloud-init[984]: |           = o   |
[   30.613104] cloud-init[984]: | o      S = =    |
[   30.614600] cloud-init[984]: |. =   .  o * o o.|
[   30.616110] cloud-init[984]: | E = o o .  O =o=|
[   30.617651] cloud-init[984]: |o o + = . .o.=.=*|
[   30.619146] cloud-init[984]: |.+.. o ... .oo.o*|
[   30.620643] cloud-init[984]: +----[SHA256]-----+
[   30.622093] cloud-init[984]: Generating public/private ecdsa key pair.
[   30.623884] cloud-init[984]: Your identification has been saved in /etc/ssh/ssh_host_ecdsa_key.
[   30.626150] cloud-init[984]: Your public key has been saved in /etc/ssh/ssh_host_ecdsa_key.pub.
[   30.628407] cloud-init[984]: The key fingerprint is:
[   30.629891] cloud-init[984]: SHA256:zXy+uCifki8hlvKIhzTGQyJ5YQNCGg9P6iltTsO8+B8 root@ubuntu-xenial
[   30.632084] cloud-init[984]: The key's randomart image is:
[   30.633734] cloud-init[984]: +---[ECDSA 256]---+
[   30.635140] cloud-init[984]: |*o.              |
[   30.636323] cloud-init[984]: |oB+              |
[   30.637480] cloud-init[984]: |oooo             |
[   30.638624] cloud-init[984]: |==o      +       |
[   30.639777] cloud-init[984]: |*+B  .  S + .    |
[   30.640973] cloud-init[984]: |.@.o+ .    o     |
[   30.642127] cloud-init[984]: |+o==E. o    .    |
[   30.643238] cloud-init[984]: |o.o ..=  o . .   |
[   30.647651] cloud-init[984]: | ....  *= o..    |
[   30.648842] cloud-init[984]: +----[SHA256]-----+
[   30.650003] cloud-init[984]: Generating public/private ed25519 key pair.
[   30.651421] cloud-init[984]: Your identification has been saved in /etc/ssh/ssh_host_ed25519_key.
[   30.653013] cloud-init[984]: Your public key has been saved in /etc/ssh/ssh_host_ed25519_key.pub.
[   30.654559] cloud-init[984]: The key fingerprint is:
[   30.655661] cloud-init[984]: SHA256:TdJVZ5G2U17Qn3F6x5RU3OJfpr1J65+7TRoVNxlWzPM root@ubuntu-xenial
[   30.657372] cloud-init[984]: The key's randomart image is:
[   30.658588] cloud-init[984]: +--[ED25519 256]--+
[   30.659603] cloud-init[984]: |            ..+@%|
[   30.660694] cloud-init[984]: |         . .  oO&|
[   30.661662] cloud-init[984]: |        . o  ..X%|
[   30.662587] cloud-init[984]: |         +    o+E|
[   30.663583] cloud-init[984]: |        S .    *=|
[   30.665649] cloud-init[984]: |              .oo|
[   30.666615] cloud-init[984]: |              o =|
[   30.667703] cloud-init[984]: |               Bo|
[   30.668833] cloud-init[984]: |              o=*|
[   30.670907] cloud-init[984]: +----[SHA256]-----+
[[0;32m  OK  [0m] Started Regular background program processing daemon.
[[0;32m  OK  [0m] Started FUSE filesystem for LXC.
         Starting Pollinate to seed the pseudo random number generator...
         Starting Apply the settings specified in cloud-config...
[[0;32m  OK  [0m] Started Unattended Upgrades Shutdown.
         Starting LSB: MD monitoring daemon...
         Starting Login Service...
         Starting Accounts Service...
[[0;32m  OK  [0m] Started ACPI event daemon.
         Starting /etc/rc.local Compatibility...
         Starting LSB: Record successful boot for GRUB...
         Starting Snappy daemon...
         Starting System Logging Service...
         Starting LXD - container startup/shutdown...
[[0;32m  OK  [0m] Started /etc/rc.local Compatibility.
[[0;32m  OK  [0m] Started Login Service.
[[0;32m  OK  [0m] Started Login to default iSCSI targets.
[[0;32m  OK  [0m] Reached target Remote File Systems (Pre).
[[0;32m  OK  [0m] Reached target Remote File Systems.
         Starting Permit User Sessions...
         Starting LSB: VirtualBox Linux Additions...
         Starting LSB: automatic crash report generation...
         Starting LSB: daemon to balance interrupts for SMP systems...
         Starting LSB: Set the CPU Frequency Scaling governor to "ondemand"...
[[0;32m  OK  [0m] Started System Logging Service.
[[0;32m  OK  [0m] Started LSB: MD monitoring daemon.
[[0;32m  OK  [0m] Started LSB: Record successful boot for GRUB.
[[0;32m  OK  [0m] Started Permit User Sessions.
         Starting Terminate Plymouth Boot Screen...
         Starting Hold until boot process finishes up...
[[0;32m  OK  [0m] Started LSB: automatic crash report generation.
[[0;32m  OK  [0m] Started LSB: daemon to balance interrupts for SMP systems.
[[0;32m  OK  [0m] Started LSB: Set the CPU Frequency Scaling governor to "ondemand".
[[0;32m  OK  [0m] Started Terminate Plymouth Boot Screen.
[[0;32m  OK  [0m] Started Hold until boot process finishes up.
         Starting Set console scheme...
[[0;32m  OK  [0m] Started Serial Getty on ttyS0.
[[0;32m  OK  [0m] Started Getty on tty1.
[[0;32m  OK  [0m] Reached target Login Prompts.
[   31.534356] cloud-init[1095]: Generating locales (this might take a while)...
[[0;32m  OK  [0m] Started Set console scheme.
         Starting Authenticate and Authorize Users to Run Privileged Tasks...
[[0;32m  OK  [0m] Started LSB: VirtualBox Linux Additions.
[[0;32m  OK  [0m] Started Authenticate and Authorize Users to Run Privileged Tasks.
[[0;32m  OK  [0m] Started Accounts Service.
[[0;32m  OK  [0m] Started LXD - container startup/shutdown.
[[0;32m  OK  [0m] Started Snappy daemon.
[[0;32m  OK  [0m] Started Pollinate to seed the pseudo random number generator.
         Starting OpenBSD Secure Shell server...
[[0;32m  OK  [0m] Started OpenBSD Secure Shell server.
[[0;32m  OK  [0m] Reached target Multi-User System.
[[0;32m  OK  [0m] Reached target Graphical Interface.
         Starting Update UTMP about System Runlevel Changes...
[[0;32m  OK  [0m] Started Update UTMP about System Runlevel Changes.
[   32.800893] cloud-init[1095]:   en_US.UTF-8... done
[   32.803249] cloud-init[1095]: Generation complete.
         Stopping OpenBSD Secure Shell server...
[[0;32m  OK  [0m] Stopped OpenBSD Secure Shell server.
         Starting OpenBSD Secure Shell server...
[[0;32m  OK  [0m] Started OpenBSD Secure Shell server.
[[0;32m  OK  [0m] Created slice User Slice of ubuntu.
         Starting User Manager for UID 1000...
[[0;32m  OK  [0m] Started Session 1 of user ubuntu.
[[0;32m  OK  [0m] Started User Manager for UID 1000.
[   33.691220] cloud-init[1095]: Cloud-init v. 17.1 running 'modules:config' at Wed, 10 Jan 2018 18:18:46 +0000. Up 30.98 seconds.
[[0;32m  OK  [0m] Started Apply the settings specified in cloud-config.
         Starting Execute cloud user/final scripts...
ci-info: no authorized ssh keys fingerprints found for user ubuntu.
<14>Jan 10 18:18:49 ec2: 
<14>Jan 10 18:18:49 ec2: #############################################################
<14>Jan 10 18:18:49 ec2: -----BEGIN SSH HOST KEY FINGERPRINTS-----
<14>Jan 10 18:18:49 ec2: 1024 SHA256:d1gh77YcMaz2M8b31Zhz79PsoXKL4AqexaJKNHvDrE4 root@ubuntu-xenial (DSA)
<14>Jan 10 18:18:49 ec2: 256 SHA256:zXy+uCifki8hlvKIhzTGQyJ5YQNCGg9P6iltTsO8+B8 root@ubuntu-xenial (ECDSA)
<14>Jan 10 18:18:49 ec2: 256 SHA256:TdJVZ5G2U17Qn3F6x5RU3OJfpr1J65+7TRoVNxlWzPM root@ubuntu-xenial (ED25519)
<14>Jan 10 18:18:49 ec2: 2048 SHA256:nuUtAyRhVHBOGo30rp9KNvgOD9Gm6S2+Ia1A0vrXdM0 root@ubuntu-xenial (RSA)
<14>Jan 10 18:18:49 ec2: -----END SSH HOST KEY FINGERPRINTS-----
<14>Jan 10 18:18:49 ec2: #############################################################
-----BEGIN SSH HOST KEY KEYS-----
ecdsa-sha2-nistp256 AAAAE2VjZHNhLXNoYTItbmlzdHAyNTYAAAAIbmlzdHAyNTYAAABBBBxlb6nlVHayDlKgzMFBTzZBFyKO4UdIUTp3lOA9TNzNLWmrrO12u0vKxQ+GB3MHrN/xwAZCadZ377Ln+U5yAS0= root@ubuntu-xenial
ssh-ed25519 AAAAC3NzaC1lZDI1NTE5AAAAIC7KrMPsxVoPD/WORHhgaEFalQAeCx2+VvU1SYBqTA/B root@ubuntu-xenial
ssh-rsa AAAAB3NzaC1yc2EAAAADAQABAAABAQDJ+t9gheXMo9onxEPIwT4MjCwkPS4t6AResmf5OIkyCYyVHMnhNshmq7yatH94ci0HJy4HPqSxtryP4aNEbIkSbKJDHMmW35U8TzGgIzBh6u57roiC/uDzNqvVN9HSBw2JANK5S/D1xy9iYtK2v0brvMWnRrCpvhiNlsEya0p9OxxINfym0kwMQLmLau9YNV8EFoS4aVgxePUaLACvGZ+Elx9UsPuWMDwZDEHeCR1noefFcHDQ3idIWC+aQK2QJSkzvKDagMSbKYlModLelERIQlFr7o4d745Tnw9EfXXfLmwnKYIW7lQlkkxsbX5A4WYw5Ws9a8dTtN5De0xApFv3 root@ubuntu-xenial
-----END SSH HOST KEY KEYS-----
[   34.376158] cloud-init[1407]: Cloud-init v. 17.1 running 'modules:final' at Wed, 10 Jan 2018 18:18:49 +0000. Up 34.12 seconds.
[   34.392986] cloud-init[1407]: ci-info: no authorized ssh keys fingerprints found for user ubuntu.
[   34.399693] cloud-init[1407]: Cloud-init v. 17.1 finished at Wed, 10 Jan 2018 18:18:49 +0000. Datasource DataSourceNoCloud [seed=/dev/sdb][dsmode=net].  Up 34.36 seconds
[[0;32m  OK  [0m] Started Execute cloud user/final scripts.
[[0;32m  OK  [0m] Reached target Cloud-init target.

Ubuntu 16.04.3 LTS ubuntu-xenial ttyS0

ubuntu-xenial login: [ 1543.163002] e1000 0000:00:03.0 enp0s3: Detected Tx Unit Hang
[ 1543.163002]   Tx Queue             <0>
[ 1543.163002]   TDH                  <b0>
[ 1543.163002]   TDT                  <b2>
[ 1543.163002]   next_to_use          <b2>
[ 1543.163002]   next_to_clean        <b0>
[ 1543.163002] buffer_info[next_to_clean]
[ 1543.163002]   time_stamp           <10004bc8e>
[ 1543.163002]   next_to_watch        <b1>
[ 1543.163002]   jiffies              <10004bdaa>
[ 1543.163002]   next_to_watch.status <0>
[ 1545.174820] e1000 0000:00:03.0 enp0s3: Detected Tx Unit Hang
[ 1545.174820]   Tx Queue             <0>
[ 1545.174820]   TDH                  <b0>
[ 1545.174820]   TDT                  <b2>
[ 1545.174820]   next_to_use          <b2>
[ 1545.174820]   next_to_clean        <b0>
[ 1545.174820] buffer_info[next_to_clean]
[ 1545.174820]   time_stamp           <10004bc8e>
[ 1545.174820]   next_to_watch        <b1>
[ 1545.174820]   jiffies              <10004bfa1>
[ 1545.174820]   next_to_watch.status <0>
[ 1547.185055] e1000 0000:00:03.0 enp0s3: Detected Tx Unit Hang
[ 1547.185055]   Tx Queue             <0>
[ 1547.185055]   TDH                  <b0>
[ 1547.185055]   TDT                  <b2>
[ 1547.185055]   next_to_use          <b2>
[ 1547.185055]   next_to_clean        <b0>
[ 1547.185055] buffer_info[next_to_clean]
[ 1547.185055]   time_stamp           <10004bc8e>
[ 1547.185055]   next_to_watch        <b1>
[ 1547.185055]   jiffies              <10004c198>
[ 1547.185055]   next_to_watch.status <0>
[ 1548.176098] e1000 0000:00:03.0 enp0s3: Reset adapter
